{"category":"Artists","resultType":"artist","artist":"Ed Sheeran","shuffleId":"RDAO_Ktu-TilkxtLvmc9wX1MLQ","radioId":"RDEM_Ktu-TilkxtLvmc9wX1MLQ","browseId":"UClmXPfaYhXOYsNn_QUyheWQ","thumbnails":[{"url":"https://lh3.googleusercontent.com/jQoBIAS6JjFGpcqQY1M_Mh3AasOvFENCdVRxkgax1a0K6qiq7AgE3MbJ6Jtt-Jndcarvoawmrg66KTny=w60-h60-p-l90-rj","width":60,"height":60},{"url":"https://lh3.googleusercontent.com/jQoBIAS6JjFGpcqQY1M_Mh3AasOvFENCdVRxkgax1a0K6qiq7AgE3MbJ6Jtt-Jndcarvoawmrg66KTny=w120-h120-p-l90-rj","width":120,"height":120}]}
---
{"name":"Ed Sheeran","description":"Edward Christopher Sheeran is an English singer-songwriter and musician. Born in Halifax, West Yorkshire, and raised in Framlingham, Suffolk, he began writing songs around the age of eleven. In early 2011, Sheeran independently released the extended play No. 5 Collaborations Project. He signed with Asylum Records the same year.\nSheeran's debut album, +, was released in September 2011 and topped the UK Albums Chart. It contained his first hit single, \"The A Team\". In 2012, Sheeran won the Brit Awards for Best British Male Solo Artist and British Breakthrough Act. Sheeran's second studio album, ×, topped charts around the world upon its release in June 2014. It was named the second-best-selling album worldwide of 2015. In the same year, × won Album of the Year at the 2015 Brit Awards, and he received the Ivor Novello Award for Songwriter of the Year from the British Academy of Songwriters, Composers and Authors. A single from ×, \"Thinking Out Loud\", earned him the 2016 Grammy Awards for Song of the Year and Best Pop Solo Performance.\nSheeran's third album, ÷, was released in March 2017 and was the best-selling album worldwide of 2017.\n\nFrom Wikipedia (","views":"36,995,568,153 views","channelId":"UC0C-w0YjGpqDXGB8IHb662A","shuffleId":"RDAO_Ktu-TilkxtLvmc9wX1MLQ","radioId":"RDEM_Ktu-TilkxtLvmc9wX1MLQ","subscribers":"59M","subscribed":false,"thumbnails":[{"url":"https://lh3.googleusercontent.com/jQoBIAS6JjFGpcqQY1M_Mh3AasOvFENCdVRxkgax1a0K6qiq7AgE3MbJ6Jtt-Jndcarvoawmrg66KTny=w540-h225-p-l90-rj","width":540,"height":225},{"url":"https://lh3.googleusercontent.com/jQoBIAS6JjFGpcqQY1M_Mh3AasOvFENCdVRxkgax1a0K6qiq7AgE3MbJ6Jtt-Jndcarvoawmrg66KTny=w816-h340-p-l90-rj","width":816,"height":340},{"url":"https://lh3.googleusercontent.com/jQoBIAS6JjFGpcqQY1M_Mh3AasOvFENCdVRxkgax1a0K6qiq7AgE3MbJ6Jtt-Jndcarvoawmrg66KTny=w1440-h600-p-l90-rj","width":1440,"height":600},{"url":"https://lh3.googleusercontent.com/jQoBIAS6JjFGpcqQY1M_Mh3AasOvFENCdVRxkgax1a0K6qiq7AgE3MbJ6Jtt-Jndcarvoawmrg66KTny=w1920-h800-p-l90-rj","width":1920,"height":800},{"url":"https://lh3.googleusercontent.com/jQoBIAS6JjFGpcqQY1M_Mh3AasOvFENCdVRxkgax1a0K6qiq7AgE3MbJ6Jtt-Jndcarvoawmrg66KTny=w2880-h1200-p-l90-rj","width":2880,"height":1200}],"songs":{"browseId":"VLOLAK5uy_mHzt_lZ0Vdnv3NAqvCLQw5CiYe0q96iBs","results":[{"videoId":"xTvyyoF_LZY","title":"Shape of You","artists":[{"name":"Ed Sheeran","id":"UClmXPfaYhXOYsNn_QUyheWQ"}],"album":{"name":"Shape of You","id":null},"likeStatus":"INDIFFERENT","inLibrary":null,"thumbnails":[{"url":"https://lh3.googleusercontent.com/TMbA3LImAL96nFkm5cI1x6LiEMvMbRg4IRxEeABd9qpXsfmwKhZHRD1MucnjG5QIsVEp0Vpn7h7M51FH3Q=w60-h60-l90-rj","width":60,"height":60},{"url":"https://lh3.googleusercontent.com/TMbA3LImAL96nFkm5cI1x6LiEMvMbRg4IRxEeABd9qpXsfmwKhZHRD1MucnjG5QIsVEp0Vpn7h7M51FH3Q=w120-h120-l90-rj","width":120,"height":120}],"isAvailable":true,"isExplicit":false,"videoType":"MUSIC_VIDEO_TYPE_ATV","views":null},{"videoId":"ORrFJ63nlcA","title":"Perfect","artists":[{"name":"Ed Sheeran","id":"UClmXPfaYhXOYsNn_QUyheWQ"}],"album":{"name":"÷ (Deluxe)","id":null},"likeStatus":"INDIFFERENT","inLibrary":null,"thumbnails":[{"url":"https://lh3.googleusercontent.com/xpDEOr2TeqEn1QpXosXhqtj149FzNnTgAG3oqPnpTxTbQk-oceO90Sz4Axq0s4Jp_QLGQha_um6_EG3WGQ=w60-h60-l90-rj","width":60,"height":60},{"url":"https://lh3.googleusercontent.com/xpDEOr2TeqEn1QpXosXhqtj149FzNnTgAG3oqPnpTxTbQk-oceO90Sz4Axq0s4Jp_QLGQha_um6_EG3WGQ=w120-h120-l90-rj","width":120,"height":120}],"isAvailable":true,"isExplicit":false,"videoType":"MUSIC_VIDEO_TYPE_ATV","views":null},{"videoId":"SlbfAYvA_gI","title":"Photograph","artists":[{"name":"Ed Sheeran","id":"UClmXPfaYhXOYsNn_QUyheWQ"}],"album":{"name":"x (Deluxe Edition)","id":null},"likeStatus":"INDIFFERENT","inLibrary":null,"thumbnails":[{"url":"https://lh3.googleusercontent.com/emeqGnTWaGFe5roPNKOsSe5WFl81hEScrwhlaJkSrmZn8F-rcYVg_VtYKSj5v59eU5ZrUo3uzlbI0wDV=w60-h60-l90-rj","width":60,"height":60},{"url":"https://lh3.googleusercontent.com/emeqGnTWaGFe5roPNKOsSe5WFl81hEScrwhlaJkSrmZn8F-rcYVg_VtYKSj5v59eU5ZrUo3uzlbI0wDV=w120-h120-l90-rj","width":120,"height":120}],"isAvailable":true,"isExplicit":false,"videoType":"MUSIC_VIDEO_TYPE_ATV","views":null},{"videoId":"fdz_cabS9BU","title":"Thinking out Loud","artists":[{"name":"Ed Sheeran","id":"UClmXPfaYhXOYsNn_QUyheWQ"}],"album":{"name":"x (Deluxe Edition)","id":null},"likeStatus":"INDIFFERENT","inLibrary":null,"thumbnails":[{"url":"https://lh3.googleusercontent.com/emeqGnTWaGFe5roPNKOsSe5WFl81hEScrwhlaJkSrmZn8F-rcYVg_VtYKSj5v59eU5ZrUo3uzlbI0wDV=w60-h60-l90-rj","width":60,"height":60},{"url":"https://lh3.googleusercontent.com/emeqGnTWaGFe5roPNKOsSe5WFl81hEScrwhlaJkSrmZn8F-rcYVg_VtYKSj5v59eU5ZrUo3uzlbI0wDV=w120-h120-l90-rj","width":120,"height":120}],"isAvailable":true,"isExplicit":false,"videoType":"MUSIC_VIDEO_TYPE_ATV","views":null},{"videoId":"xT-5e1F1p8Y","title":"Sapphire","artists":[{"name":"Ed Sheeran","id":"UClmXPfaYhXOYsNn_QUyheWQ"}],"album":{"name":"Sapphire","id":null},"likeStatus":"INDIFFERENT","inLibrary":null,"thumbnails":[{"url":"https://lh3.googleusercontent.com/gFoL_IiMW-6i63a8FlitjPneJ0Usq1xNj1ZVE6sNgXsZimA3axRCuVCQKvj_300QDfkAQsQfMVguFdE=w60-h60-l90-rj","width":60,"height":60},{"url":"https://lh3.googleusercontent.com/gFoL_IiMW-6i63a8FlitjPneJ0Usq1xNj1ZVE6sNgXsZimA3axRCuVCQKvj_300QDfkAQsQfMVguFdE=w120-h120-l90-rj","width":120,"height":120}],"isAvailable":true,"isExplicit":false,"videoType":"MUSIC_VIDEO_TYPE_ATV","views":null}]},"albums":{"browseId":"MPADUClmXPfaYhXOYsNn_QUyheWQ","results":[{"title":"Play","type":"Album","artists":[],"browseId":"MPREb_pDeW4cFpVwR","audioPlaylistId":"OLAK5uy_kB2ySU9ck8GwLNMms-J4ciG3dKlF-zU-U","thumbnails":[{"url":"https://lh3.googleusercontent.com/Zakrz-ymir-p6LloQgMcJB1YKaVi-k-ysDjnokzfFfJD-gFf3lD77gTlb8kJXa2_MGq57lVQFdfDI4o=w226-h226-l90-rj","width":226,"height":226},{"url":"https://lh3.googleusercontent.com/Zakrz-ymir-p6LloQgMcJB1YKaVi-k-ysDjnokzfFfJD-gFf3lD77gTlb8kJXa2_MGq57lVQFdfDI4o=w544-h544-l90-rj","width":544,"height":544}],"isExplicit":true,"year":"2025"},{"title":"x (10th Anniversary Edition)","type":"Album","artists":[],"browseId":"MPREb_tYL9F3mHJcO","audioPlaylistId":"OLAK5uy_mj5Q-zWPVpr9fdLkrQG5e-paQx2QJqfaU","thumbnails":[{"url":"https://lh3.googleusercontent.com/qzaY7mGHBLDfY3_g58NSuX5eh2iGcTRoAc8MVEtmQVu6qY_i4KvfkOU3fu9RMi4RxbiPPFXAodSEdQlY=w226-h226-l90-rj","width":226,"height":226},{"url":"https://lh3.googleusercontent.com/qzaY7mGHBLDfY3_g58NSuX5eh2iGcTRoAc8MVEtmQVu6qY_i4KvfkOU3fu9RMi4RxbiPPFXAodSEdQlY=w544-h544-l90-rj","width":544,"height":544}],"isExplicit":false,"year":"2024"},{"title":"Autumn Variations (Fan Living Room Sessions)","type":"Album","artists":[],"browseId":"MPREb_LDIo5ZWELzD","audioPlaylistId":"OLAK5uy_kFdWx9zNdW6BYVfRRzIEHpne05rxCjGcI","thumbnails":[{"url":"https://lh3.googleusercontent.com/noOqFYwFPI9_-dK61yAB-EMfK4WPruvXRZh2GBr8lhCgdmz6OTVQUZPxFcNJh6FkE13aXcfLqdGmUdiklA=w226-h226-l90-rj","width":226,"height":226},{"url":"https://lh3.googleusercontent.com/noOqFYwFPI9_-dK61yAB-EMfK4WPruvXRZh2GBr8lhCgdmz6OTVQUZPxFcNJh6FkE13aXcfLqdGmUdiklA=w544-h544-l90-rj","width":544,"height":544}],"isExplicit":true,"year":"2023"},{"title":"Autumn Variations","type":"Album","artists":[],"browseId":"MPREb_uEnbnIYJjMT","audioPlaylistId":"OLAK5uy_k-3zgXpmRwgCxb1FTmuV9_lulAVOqbacU","thumbnails":[{"url":"https://lh3.googleusercontent.com/YAQJ6XzfFOmwYHBmNO2ROAeI2hcRiPdhXnLpj9OdgM6F5E8NfxlEWNrfv18bu3DSdtAtsPeNQrVfR2Rt=w226-h226-l90-rj","width":226,"height":226},{"url":"https://lh3.googleusercontent.com/YAQJ6XzfFOmwYHBmNO2ROAeI2hcRiPdhXnLpj9OdgM6F5E8NfxlEWNrfv18bu3DSdtAtsPeNQrVfR2Rt=w544-h544-l90-rj","width":544,"height":544}],"isExplicit":true,"year":"2023"},{"title":"- (Deluxe)","type":"Album","artists":[],"browseId":"MPREb_9jsAP3C5OSC","audioPlaylistId":"OLAK5uy_nKFZ59l5PiClSiv-wVYt2e_jypXtFipE0","thumbnails":[{"url":"https://lh3.googleusercontent.com/e9X9JBO2XNUiMatV8gepjLWktB7uGb8W3HWN8zgxjiMFjVr8hVymX-FKgULPMpQBiQaJY5MDEgeFNEKc=w226-h226-l90-rj","width":226,"height":226},{"url":"https://lh3.googleusercontent.com/e9X9JBO2XNUiMatV8gepjLWktB7uGb8W3HWN8zgxjiMFjVr8hVymX-FKgULPMpQBiQaJY5MDEgeFNEKc=w544-h544-l90-rj","width":544,"height":544}],"isExplicit":false,"year":"2023"},{"title":"=","type":"Album","artists":[],"browseId":"MPREb_k3zSCIhuy8Z","audioPlaylistId":"OLAK5uy_nHdqIgO1TNI8wr_GPvq1X7oUSMxvFU4Jw","thumbnails":[{"url":"https://lh3.googleusercontent.com/thG9CVPO7TNRjN46ACoToQvAcBnSUN5wdD849PHg-7zoFRpB2c6GbHOPJ8FntFQc2_NxteEeNoW6p_c=w226-h226-l90-rj","width":226,"height":226},{"url":"https://lh3.googleusercontent.com/thG9CVPO7TNRjN46ACoToQvAcBnSUN5wdD849PHg-7zoFRpB2c6GbHOPJ8FntFQc2_NxteEeNoW6p_c=w544-h544-l90-rj","width":544,"height":544}],"isExplicit":false,"year":"2021"},{"title":"No.6 Collaborations Project","type":"Album","artists":[],"browseId":"MPREb_VIXO8xFh4IZ","audioPlaylistId":"OLAK5uy_kwPPyWyXMc28XV-SsyhvhpfZm8E1DIxOY","thumbnails":[{"url":"https://yt3.googleusercontent.com/2rSqxXTYIox46twhc2zC73tSPuzHz9XBx04tojSXQmXN4SK7NgYdwX5PgqcX7reoPG_3WrjnIu-hbm5G=w226-h226-l90-rj","width":226,"height":226},{"url":"https://yt3.googleusercontent.com/2rSqxXTYIox46twhc2zC73tSPuzHz9XBx04tojSXQmXN4SK7NgYdwX5PgqcX7reoPG_3WrjnIu-hbm5G=w544-h544-l90-rj","width":544,"height":544}],"isExplicit":true,"year":"2019"},{"title":"÷ (Deluxe)","type":"Album","artists":[],"browseId":"MPREb_T5s950Swfdy","audioPlaylistId":"OLAK5uy_mizQEF9wXLFxAjGlDF83JskTg49IZ1Ito","thumbnails":[{"url":"https://lh3.googleusercontent.com/xpDEOr2TeqEn1QpXosXhqtj149FzNnTgAG3oqPnpTxTbQk-oceO90Sz4Axq0s4Jp_QLGQha_um6_EG3WGQ=w226-h226-l90-rj","width":226,"height":226},{"url":"https://lh3.googleusercontent.com/xpDEOr2TeqEn1QpXosXhqtj149FzNnTgAG3oqPnpTxTbQk-oceO90Sz4Axq0s4Jp_QLGQha_um6_EG3WGQ=w544-h544-l90-rj","width":544,"height":544}],"isExplicit":false,"year":"2017"},{"title":"x (Deluxe Edition)","type":"Album","artists":[],"browseId":"MPREb_A4r9EfLZzYN","audioPlaylistId":"OLAK5uy_lkFY4oZHG2FXKLKirsBIa3sff0ToSxLSY","thumbnails":[{"url":"https://yt3.googleusercontent.com/emeqGnTWaGFe5roPNKOsSe5WFl81hEScrwhlaJkSrmZn8F-rcYVg_VtYKSj5v59eU5ZrUo3uzlbI0wDV=w226-h226-l90-rj","width":226,"height":226},{"url":"https://yt3.googleusercontent.com/emeqGnTWaGFe5roPNKOsSe5WFl81hEScrwhlaJkSrmZn8F-rcYVg_VtYKSj5v59eU5ZrUo3uzlbI0wDV=w544-h544-l90-rj","width":544,"height":544}],"isExplicit":false,"year":"2014"},{"title":"+","type":"Album","artists":[],"browseId":"MPREb_KYP1Wsy4NQn","audioPlaylistId":"OLAK5uy_l2X7oT-Tsacd9_S4HKZ_I_LfNj6kyXs70","thumbnails":[{"url":"https://lh3.googleusercontent.com/5-Z0bmxl8Smil_IosCTw95oPxleiktQjx9DBusLmQDMJ_8EinzpmvvYqSUVimNzsftg3aEUFTM6y0TFM=w226-h226-l90-rj","width":226,"height":226},{"url":"https://lh3.googleusercontent.com/5-Z0bmxl8Smil_IosCTw95oPxleiktQjx9DBusLmQDMJ_8EinzpmvvYqSUVimNzsftg3aEUFTM6y0TFM=w544-h544-l90-rj","width":544,"height":544}],"isExplicit":true,"year":"2011"}],"params":"ggMIegYIARoCAQI%3D"},"singles":{"browseId":"MPADUClmXPfaYhXOYsNn_QUyheWQ","results":[{"title":"Camera (Unplugged)","type":"Single","year":"2025","browseId":"MPREb_alEMsDLZUXZ","audioPlaylistId":"OLAK5uy_mrgLwaVbH_eZBoGQJrizq8zLDV5o64wmE","artists":[],"thumbnails":[{"url":"https://lh3.googleusercontent.com/k0e-tBDpaCYDAoDkoqaB9AK5vky1U3CYX5jv8OrOxQ2pE55Wa9cRJWzUFHeq5r3FsOlJxs2fD44b6vM=w226-h226-l90-rj","width":226,"height":226},{"url":"https://lh3.googleusercontent.com/k0e-tBDpaCYDAoDkoqaB9AK5vky1U3CYX5jv8OrOxQ2pE55Wa9cRJWzUFHeq5r3FsOlJxs2fD44b6vM=w544-h544-l90-rj","width":544,"height":544}]},{"title":"A Little More","type":"Single","year":"2025","browseId":"MPREb_5tzZC6A6MrM","audioPlaylistId":"OLAK5uy_kYR8VFEZkYQSfc84mbdEQpUkmNnI95bMc","artists":[],"thumbnails":[{"url":"https://lh3.googleusercontent.com/Sl3jzpNxJYsVg4-abRklBcsOcrqob5iZdPqg1zQ62Fqo-E7pGIUASRjcuISJ79sXQ7CgMIId9zIqGJo=w226-h226-l90-rj","width":226,"height":226},{"url":"https://lh3.googleusercontent.com/Sl3jzpNxJYsVg4-abRklBcsOcrqob5iZdPqg1zQ62Fqo-E7pGIUASRjcuISJ79sXQ7CgMIId9zIqGJo=w544-h544-l90-rj","width":544,"height":544}]},{"title":"Sapphire (feat. Arijit Singh)","type":"Single","year":"2025","browseId":"MPREb_U4JrcpDIA2t","audioPlaylistId":"OLAK5uy_l7PEKAZQY0n5f9XyxzJX-DnUEOV3kHQyM","artists":[],"thumbnails":[{"url":"https://lh3.googleusercontent.com/A6hQfbZKh2PWkvrcuLcTXI4gYHaBgiK1KJHEb7-wBJ60L_CV1zYDwKxIWL_wYQTLxysN0HW9IRNHJyuD=w226-h226-l90-rj","width":226,"height":226},{"url":"https://lh3.googleusercontent.com/A6hQfbZKh2PWkvrcuLcTXI4gYHaBgiK1KJHEb7-wBJ60L_CV1zYDwKxIWL_wYQTLxysN0HW9IRNHJyuD=w544-h544-l90-rj","width":544,"height":544}]},{"title":"Sapphire (Unplugged)","type":"Single","year":"2025","browseId":"MPREb_JV3nj48BmT7","audioPlaylistId":"OLAK5uy_kNhF-DPNCWe46BvtmYaTbhwAr1xJUo9G4","artists":[],"thumbnails":[{"url":"https://lh3.googleusercontent.com/A841erSSJ9z-pW-HRs6lRkD6pIT3BE3i0pzd77rCcRaOvtijOauTVi9g7MGqvhBULRREgNNJSUK0iKDz=w226-h226-l90-rj","width":226,"height":226},{"url":"https://lh3.googleusercontent.com/A841erSSJ9z-pW-HRs6lRkD6pIT3BE3i0pzd77rCcRaOvtijOauTVi9g7MGqvhBULRREgNNJSUK0iKDz=w544-h544-l90-rj","width":544,"height":544}]},{"title":"Drive (From F1® The Movie)","type":"Single","year":"2025","browseId":"MPREb_nYFTCHqd0FJ","audioPlaylistId":"OLAK5uy_mMRYBI7_IZBN9qZULP5WM6udFtHJ2aqtA","artists":[],"thumbnails":[{"url":"https://lh3.googleusercontent.com/I_RS0JF5QRo1xlgCZImHVj15yTZGDchsB1G1SqczNeJ4k8nE-l87Q0e_YazNRKvdrI7LKIehOZIGs8rs=w226-h226-l90-rj","width":226,"height":226},{"url":"https://lh3.googleusercontent.com/I_RS0JF5QRo1xlgCZImHVj15yTZGDchsB1G1SqczNeJ4k8nE-l87Q0e_YazNRKvdrI7LKIehOZIGs8rs=w544-h544-l90-rj","width":544,"height":544}]},{"title":"Sapphire","type":"Single","year":"2025","browseId":"MPREb_ku1EIP7wquN","audioPlaylistId":"OLAK5uy_ntgsJwdt5nLDe-5jeyZYdmC4bUGJpzVFA","artists":[],"thumbnails":[{"url":"https://lh3.googleusercontent.com/gFoL_IiMW-6i63a8FlitjPneJ0Usq1xNj1ZVE6sNgXsZimA3axRCuVCQKvj_300QDfkAQsQfMVguFdE=w226-h226-l90-rj","width":226,"height":226},{"url":"https://lh3.googleusercontent.com/gFoL_IiMW-6i63a8FlitjPneJ0Usq1xNj1ZVE6sNgXsZimA3axRCuVCQKvj_300QDfkAQsQfMVguFdE=w544-h544-l90-rj","width":544,"height":544}]},{"title":"Azizam (Acoustic)","type":"Single","year":"2025","browseId":"MPREb_XZR7ICin5Zg","audioPlaylistId":"OLAK5uy_njZTxF5N-cZdtC-HjA9Ok5DaJBw35pqbo","artists":[],"thumbnails":[{"url":"https://yt3.googleusercontent.com/UqHaZCWmhHNM_KpMjaJtLPGnioinXM5M_xzAWE0LWSWrXg_ltemBOQseVyXhcgrTdIaDB15MkH9kntlFlA=w226-h226-l90-rj","width":226,"height":226},{"url":"https://yt3.googleusercontent.com/UqHaZCWmhHNM_KpMjaJtLPGnioinXM5M_xzAWE0LWSWrXg_ltemBOQseVyXhcgrTdIaDB15MkH9kntlFlA=w544-h544-l90-rj","width":544,"height":544}]},{"title":"Old Phone","type":"Single","year":"2025","browseId":"MPREb_HxAdwhs61x8","audioPlaylistId":"OLAK5uy_mk3Wvi9LGRno4zIARmQDztNvIgMEgCtrU","artists":[],"thumbnails":[{"url":"https://lh3.googleusercontent.com/GHzf_FiDQWOvr-3bKzvPH5yKwbwQFmYNHvRbtj5DDr8Y4lRzkoKFDmNYDhjkCTv9PRH9hRFZCVDNwhnZ=w226-h226-l90-rj","width":226,"height":226},{"url":"https://lh3.googleusercontent.com/GHzf_FiDQWOvr-3bKzvPH5yKwbwQFmYNHvRbtj5DDr8Y4lRzkoKFDmNYDhjkCTv9PRH9hRFZCVDNwhnZ=w544-h544-l90-rj","width":544,"height":544}]},{"title":"Azizam","type":"Single","year":"2025","browseId":"MPREb_O1rvIMoWg3f","audioPlaylistId":"OLAK5uy_lVkiZvKbnFJMTfGqVQESiezkFORhR_sn4","artists":[],"thumbnails":[{"url":"https://lh3.googleusercontent.com/FueB1bM9NFh99ibpqJS_JW9NSc1O8R-vdykU_JCg6gMqoA41t5PsSWlFKsLTB3zmehCeadV5y__KJjKt=w226-h226-l90-rj","width":226,"height":226},{"url":"https://lh3.googleusercontent.com/FueB1bM9NFh99ibpqJS_JW9NSc1O8R-vdykU_JCg6gMqoA41t5PsSWlFKsLTB3zmehCeadV5y__KJjKt=w544-h544-l90-rj","width":544,"height":544}]},{"title":"Azizam [Persian Version] (feat. Googoosh)","type":"Single","year":"2025","browseId":"MPREb_pUCV436AL81","audioPlaylistId":"OLAK5uy_kKIENBouJ8fGp-P8Vq_ZR2asbCeckuCm0","artists":[],"thumbnails":[{"url":"https://lh3.googleusercontent.com/NmmuD5l9-Zf4koBtTbFgR6txh1jdg_u6mE-JDJZf71jLX902j1v8yPH2HO2Zxs0cgxPGMkjYebVo9Ms=w226-h226-l90-rj","width":226,"height":226},{"url":"https://lh3.googleusercontent.com/NmmuD5l9-Zf4koBtTbFgR6txh1jdg_u6mE-JDJZf71jLX902j1v8yPH2HO2Zxs0cgxPGMkjYebVo9Ms=w544-h544-l90-rj","width":544,"height":544}]}],"params":"ggMIegYIAhoCAQI%3D"},"videos":{"browseId":"VLOLAK5uy_k9FAxC8Xb8T0KqP5wFbn8KsP3VkUjb334","results":[{"title":"Shape of You","videoId":"JGwWNGJdvx8","artists":[{"name":"Ed Sheeran","id":"UClmXPfaYhXOYsNn_QUyheWQ"},{"name":"6.6B views","id":null}],"playlistId":"OLAK5uy_k9FAxC8Xb8T0KqP5wFbn8KsP3VkUjb334","thumbnails":[{"url":"https://i.ytimg.com/vi/JGwWNGJdvx8/sddefault.jpg?sqp=-oaymwEWCJADEOEBIAQqCghqEJQEGHgg6AJIWg&rs=AMzJL3kWA2X-8_-P2As6JMBtJDLWaPSjOQ","width":400,"height":225},{"url":"https://i.ytimg.com/vi/JGwWNGJdvx8/sddefault.jpg?sqp=-oaymwEWCKoDEPABIAQqCghqEJQEGHgg6AJIWg&rs=AMzJL3n5bppMMMu0X7cXTBMs84X79XOttA","width":426,"height":240}],"views":"6.6B"},{"title":"Perfect Duet","videoId":"2Vv-BfVoq4g","artists":[{"name":"Ed Sheeran","id":"UClmXPfaYhXOYsNn_QUyheWQ"},{"name":"Beyoncé","id":"UCoPQ_TWm8JZ5nJv4a5BzSWA"},{"name":"4.1B views","id":null}],"playlistId":"OLAK5uy_k9FAxC8Xb8T0KqP5wFbn8KsP3VkUjb334","thumbnails":[{"url":"https://i.ytimg.com/vi/2Vv-BfVoq4g/sddefault.jpg?sqp=-oaymwEWCJADEOEBIAQqCghqEJQEGHgg6AJIWg&rs=AMzJL3n2i8n23SGKyRYTQaLkXskdUhSbUg","width":400,"height":225},{"url":"https://i.ytimg.com/vi/2Vv-BfVoq4g/sddefault.jpg?sqp=-oaymwEWCKoDEPABIAQqCghqEJQEGHgg6AJIWg&rs=AMzJL3mSbbXliFbBsT3p4boJmO1St6d6-w","width":426,"height":240}],"views":"4.1B"},{"title":"Photograph","videoId":"nSDgHBxUbVQ","artists":[{"name":"Ed Sheeran","id":"UClmXPfaYhXOYsNn_QUyheWQ"},{"name":"1.4B views","id":null}],"playlistId":"OLAK5uy_k9FAxC8Xb8T0KqP5wFbn8KsP3VkUjb334","thumbnails":[{"url":"https://i.ytimg.com/vi/nSDgHBxUbVQ/sddefault.jpg?sqp=-oaymwEWCJADEOEBIAQqCghqEJQEGHgg6AJIWg&rs=AMzJL3kMFqA2LAoRihTLpg4T5P1lypH30g","width":400,"height":225},{"url":"https://i.ytimg.com/vi/nSDgHBxUbVQ/sddefault.jpg?sqp=-oaymwEWCKoDEPABIAQqCghqEJQEGHgg6AJIWg&rs=AMzJL3kQr-NI6u6P2tVQrzGHUUam09DH-w","width":426,"height":240}],"views":"1.4B"},{"title":"Thinking out Loud","videoId":"lp-EO5I60KA","artists":[{"name":"Ed Sheeran","id":"UClmXPfaYhXOYsNn_QUyheWQ"},{"name":"3.9B views","id":null}],"playlistId":"OLAK5uy_k9FAxC8Xb8T0KqP5wFbn8KsP3VkUjb334","thumbnails":[{"url":"https://i.ytimg.com/vi/lp-EO5I60KA/sddefault.jpg?sqp=-oaymwEWCJADEOEBIAQqCghqEJQEGHgg6AJIWg&rs=AMzJL3mu6BO8nHKcEzWdeZSd-sWgcIUiLQ","width":400,"height":225},{"url":"https://i.ytimg.com/vi/lp-EO5I60KA/hq720.jpg?sqp=-oaymwEXCKAGEMIDIAQqCwjVARCqCBh4INgESFo&rs=AMzJL3mZqDZb-TPcLwepwoQH8ZifYHp96A","width":800,"height":450}],"views":"3.9B"},{"title":"Sapphire","videoId":"JgDNFQ2RaLQ","artists":[{"name":"Ed Sheeran","id":"UClmXPfaYhXOYsNn_QUyheWQ"},{"name":"264M views","id":null}],"playlistId":"OLAK5uy_k9FAxC8Xb8T0KqP5wFbn8KsP3VkUjb334","thumbnails":[{"url":"https://i.ytimg.com/vi/JgDNFQ2RaLQ/sddefault.jpg?sqp=-oaymwEWCJADEOEBIAQqCghqEJQEGHgg6AJIWg&rs=AMzJL3kz4TgEg_kE5u0iwGXRso9UWQLiBg","width":400,"height":225},{"url":"https://i.ytimg.com/vi/JgDNFQ2RaLQ/hq720.jpg?sqp=-oaymwEXCKAGEMIDIAQqCwjVARCqCBh4INgESFo&rs=AMzJL3nEmO_zzyC5K5ZeoP1X_sTVlmejJQ","width":800,"height":450}],"views":"264M"},{"title":"Shivers","videoId":"Il0S8BoucSA","artists":[{"name":"Ed Sheeran","id":"UClmXPfaYhXOYsNn_QUyheWQ"},{"name":"413M views","id":null}],"playlistId":"OLAK5uy_k9FAxC8Xb8T0KqP5wFbn8KsP3VkUjb334","thumbnails":[{"url":"https://i.ytimg.com/vi/Il0S8BoucSA/sddefault.jpg?sqp=-oaymwEWCJADEOEBIAQqCghqEJQEGHgg6AJIWg&rs=AMzJL3md0OdolJfM7sSx62zb9Wr86LIsEA","width":400,"height":225},{"url":"https://i.ytimg.com/vi/Il0S8BoucSA/hq720.jpg?sqp=-oaymwEXCKAGEMIDIAQqCwjVARCqCBh4INgESFo&rs=AMzJL3l584OTAFrn2AeZulvXXEqdKVzhjQ","width":800,"height":450}],"views":"413M"},{"title":"Bad Habits","videoId":"orJSJGHjBLI","artists":[{"name":"Ed Sheeran","id":"UClmXPfaYhXOYsNn_QUyheWQ"},{"name":"727M views","id":null}],"playlistId":"OLAK5uy_k9FAxC8Xb8T0KqP5wFbn8KsP3VkUjb334","thumbnails":[{"url":"https://i.ytimg.com/vi/orJSJGHjBLI/sddefault.jpg?sqp=-oaymwEWCJADEOEBIAQqCghqEJQEGHgg6AJIWg&rs=AMzJL3kuWcj3GFn0KIrIk9yjaPHYxOaIvg","width":400,"height":225},{"url":"https://i.ytimg.com/vi/orJSJGHjBLI/hq720.jpg?sqp=-oaymwEXCKAGEMIDIAQqCwjVARCqCBh4INgESFo&rs=AMzJL3lNMLo9uVag3GNRhhhblGO0NpT4hA","width":800,"height":450}],"views":"727M"},{"title":"I Don't Care","videoId":"y83x7MgzWOA","artists":[{"name":"Ed Sheeran","id":"UClmXPfaYhXOYsNn_QUyheWQ"},{"name":"Justin Bieber","id":"UCGvj8kfUV5Q6lzECIrGY19g"},{"name":"644M views","id":null}],"playlistId":"OLAK5uy_k9FAxC8Xb8T0KqP5wFbn8KsP3VkUjb334","thumbnails":[{"url":"https://i.ytimg.com/vi/y83x7MgzWOA/sddefault.jpg?sqp=-oaymwEWCJADEOEBIAQqCghqEJQEGHgg6AJIWg&rs=AMzJL3kMi8W-Bs1zHXE5Lgk3dWDI4h6xVw","width":400,"height":225},{"url":"https://i.ytimg.com/vi/y83x7MgzWOA/sddefault.jpg?sqp=-oaymwEWCKoDEPABIAQqCghqEJQEGHgg6AJIWg&rs=AMzJL3l7C4n2Xeh0EyPnBnlhDrLAz9FAQQ","width":426,"height":240}],"views":"644M"},{"title":"Azizam","videoId":"q_48vyHWls4","artists":[{"name":"Ed Sheeran","id":"UClmXPfaYhXOYsNn_QUyheWQ"},{"name":"60M views","id":null}],"playlistId":"OLAK5uy_k9FAxC8Xb8T0KqP5wFbn8KsP3VkUjb334","thumbnails":[{"url":"https://i.ytimg.com/vi/q_48vyHWls4/sddefault.jpg?sqp=-oaymwEWCJADEOEBIAQqCghqEJQEGHgg6AJIWg&rs=AMzJL3k-UU4h8B1d3GXVcweRhSkOupNW1g","width":400,"height":225},{"url":"https://i.ytimg.com/vi/q_48vyHWls4/hq720.jpg?sqp=-oaymwEXCKAGEMIDIAQqCwjVARCqCBh4INgESFo&rs=AMzJL3nO0vSQILyfh5POnxcUwhHCsmIyFg","width":800,"height":450}],"views":"60M"},{"title":"Peru","videoId":"5QIbxwNQR0s","artists":[{"name":"Ed Sheeran","id":"UClmXPfaYhXOYsNn_QUyheWQ"},{"name":"Fireboy DML","id":"UCt7KNkaOhBpesOJHMx2ASnw"},{"name":"34M views","id":null}],"playlistId":"OLAK5uy_k9FAxC8Xb8T0KqP5wFbn8KsP3VkUjb334","thumbnails":[{"url":"https://i.ytimg.com/vi/5QIbxwNQR0s/sddefault.jpg?sqp=-oaymwEWCJADEOEBIAQqCghqEJQEGHgg6AJIWg&rs=AMzJL3khgXF0bZRhTc-jz0KgP01WVgueug","width":400,"height":225},{"url":"https://i.ytimg.com/vi/5QIbxwNQR0s/hq720.jpg?sqp=-oaymwEXCKAGEMIDIAQqCwjVARCqCBh4INgESFo&rs=AMzJL3kWU1AM7lTazzpK7V7YLESzMHR7tw","width":800,"height":450}],"views":"34M"}],"params":"ggMCCAI%3D"},"related":{"browseId":null,"results":[{"title":"Lewis Capaldi","browseId":"UCxrxwFTBU3DTJ9Y5TKeW7KA","subscribers":"191M","thumbnails":[{"url":"https://lh3.googleusercontent.com/a-/ALV-UjVuVuwStswGeRiYCLjwBsa9zql7OdAHp6tXa9Q2gYnIyPJRY2E=w226-h226-l90-rj","width":226,"height":226},{"url":"https://lh3.googleusercontent.com/a-/ALV-UjVuVuwStswGeRiYCLjwBsa9zql7OdAHp6tXa9Q2gYnIyPJRY2E=w544-h544-l90-rj","width":544,"height":544}]},{"title":"James Blunt","browseId":"UCCEzq-Gv6gU-bdM82rtZN4g","subscribers":"14.5M","thumbnails":[{"url":"https://lh3.googleusercontent.com/sXHg22Fqjb3cxKE9Yo1WwF7-RifZ7lYEugJon7AUBI0hzbDe7_WxTAAJEAYGi4r0mLfi2CPn7e0mDg=w226-h226-p-l90-rj","width":226,"height":226},{"url":"https://lh3.googleusercontent.com/sXHg22Fqjb3cxKE9Yo1WwF7-RifZ7lYEugJon7AUBI0hzbDe7_WxTAAJEAYGi4r0mLfi2CPn7e0mDg=w544-h544-p-l90-rj","width":544,"height":544}]},{"title":"Cian Ducrot","browseId":"UCKWW81M8izLwp4-s_7QRj3w","subscribers":"689K","thumbnails":[{"url":"https://lh3.googleusercontent.com/myFCWjlwGqR16pV2ZQ_nHBwMiiIwAdxtx3rSNvErJND7N526_NAR8bhsdCyJICIy5fFcKL2xDR11AQ=w226-h226-p-l90-rj","width":226,"height":226},{"url":"https://lh3.googleusercontent.com/myFCWjlwGqR16pV2ZQ_nHBwMiiIwAdxtx3rSNvErJND7N526_NAR8bhsdCyJICIy5fFcKL2xDR11AQ=w544-h544-p-l90-rj","width":544,"height":544}]},{"title":"Tom Grennan","browseId":"UCqlM8ftKlcvcvxFIHQEJKbQ","subscribers":"1.84M","thumbnails":[{"url":"https://lh3.googleusercontent.com/gwvKx2W58CGegoPIKGcpqc463eval2-KXcEeyAx3uFDhVkYVLuO5dctf_XC8Tv4_nnEW1TsxebLAJA=w226-h226-p-l90-rj","width":226,"height":226},{"url":"https://lh3.googleusercontent.com/gwvKx2W58CGegoPIKGcpqc463eval2-KXcEeyAx3uFDhVkYVLuO5dctf_XC8Tv4_nnEW1TsxebLAJA=w544-h544-p-l90-rj","width":544,"height":544}]},{"title":"James TW","browseId":"UCJ1CS4AJjBGFflRZdKEPw1g","subscribers":"972K","thumbnails":[{"url":"https://yt3.googleusercontent.com/uxO60EflgSI1mNmQyfkFVMhq_GT0ccEU_729kJyV659v3W52iUOKsJ4VZy4S4QXY35QqYngWh9FMhQ=w226-h226-p-l90-rj","width":226,"height":226},{"url":"https://yt3.googleusercontent.com/uxO60EflgSI1mNmQyfkFVMhq_GT0ccEU_729kJyV659v3W52iUOKsJ4VZy4S4QXY35QqYngWh9FMhQ=w544-h544-p-l90-rj","width":544,"height":544}]},{"title":"Dermot Kennedy","browseId":"UClHxZy_9ArA6rploIzcDReQ","subscribers":"4.58M","thumbnails":[{"url":"https://lh3.googleusercontent.com/xFR7Nr_AVNO2hv_ggLpFgydqfR8YWdgPic_vBKGfC5jgv2FwociuNxP1UhDykL_0igo4VSA3sFrme8M=w226-h226-p-l90-rj","width":226,"height":226},{"url":"https://lh3.googleusercontent.com/xFR7Nr_AVNO2hv_ggLpFgydqfR8YWdgPic_vBKGfC5jgv2FwociuNxP1UhDykL_0igo4VSA3sFrme8M=w544-h544-p-l90-rj","width":544,"height":544}]},{"title":"Jess Glynne","browseId":"UCySKHMJ31dcWmdOUyMQUJPQ","subscribers":"5.28M","thumbnails":[{"url":"https://lh3.googleusercontent.com/sUth0oDLCaVORjE42BE8eeQ0RZ38OvFBUgwrVTy97QXftYcuLWMwKkjvLG3VMe1-HuJcX41bb1J3YVw=w226-h226-p-l90-rj","width":226,"height":226},{"url":"https://lh3.googleusercontent.com/sUth0oDLCaVORjE42BE8eeQ0RZ38OvFBUgwrVTy97QXftYcuLWMwKkjvLG3VMe1-HuJcX41bb1J3YVw=w544-h544-p-l90-rj","width":544,"height":544}]},{"title":"Tom Walker","browseId":"UCOlopik2E2HUHaWlktS0QmA","subscribers":"2.5M","thumbnails":[{"url":"https://lh3.googleusercontent.com/8f7mOxp2-PwqN3DKuhMJhuBXKr159WZPxIKhB_yNAgMkpP6MSLDcyqPxTUyggx8_pQmDBpHahUMf6ZQ=w226-h226-p-l90-rj","width":226,"height":226},{"url":"https://lh3.googleusercontent.com/8f7mOxp2-PwqN3DKuhMJhuBXKr159WZPxIKhB_yNAgMkpP6MSLDcyqPxTUyggx8_pQmDBpHahUMf6ZQ=w544-h544-p-l90-rj","width":544,"height":544}]},{"title":"Ella Henderson","browseId":"UCWN8EUD00PTyo5QQ5ueRr-A","subscribers":"2.4M","thumbnails":[{"url":"https://lh3.googleusercontent.com/drY3X3dy6O1Wy9mmrhepKUuE7aHsQZByU76NcWtIamg69ydkslRzuP-eE62Um6nxLsIwQJHUac7qTsc=w226-h226-p-l90-rj","width":226,"height":226},{"url":"https://lh3.googleusercontent.com/drY3X3dy6O1Wy9mmrhepKUuE7aHsQZByU76NcWtIamg69ydkslRzuP-eE62Um6nxLsIwQJHUac7qTsc=w544-h544-p-l90-rj","width":544,"height":544}]},{"title":"The Script","browseId":"UCFGwp4FHyvU1pJv9w6Jcx8w","subscribers":"32.5M","thumbnails":[{"url":"https://yt3.googleusercontent.com/hq6dVpTltAhHYPCsQkx5B777rrCCy9Kjmrc2rmV4PzevJGiWkgp8xLGaiD1_FNAyInFl1INDi9kynTI=w226-h226-p-l90-rj","width":226,"height":226},{"url":"https://yt3.googleusercontent.com/hq6dVpTltAhHYPCsQkx5B777rrCCy9Kjmrc2rmV4PzevJGiWkgp8xLGaiD1_FNAyInFl1INDi9kynTI=w544-h544-p-l90-rj","width":544,"height":544}]}]}}